[OK] Gemini AI service initialized successfully
Failed to initialize Firestore: Your default credentials were not found. To set up Application Default Credentials, see https://cloud.google.com/docs/authentication/external/set-up-adc for more information.
