src/pages/admin/AdminInsights.tsx(99,11): error TS6133: 'CATEGORY_COLORS' is declared but its value is never read.
src/pages/student/StudentHome.tsx(19,12): error TS6133: 'isLoading' is declared but its value is never read.
